 AS V1.42 Beta [Bld 211] - Source File file_trans_LKIT16.S - Page 1 - 10/23/2021 11:45:10


       1/       0 :                                                ; ST0   IN  CHK            アダプタ 12
       2/       0 :                                                ; ST1   IN  受信データ        アダプタ 14
       3/       0 :                                                ; CM2   OUT FLG            アダプタ 18
       4/       0 :                                                ; CM3   OUT 送信データ        アダプタ 16
       5/       0 :                     
       6/       0 : =X'35'               FNAME    EQU   X'0035'     ;ファイルNo格納エリア
       7/       0 : =X'C'                SADRS    EQU   X'000C'     ;セーブ、ロード開始アドレス
       8/       0 : =X'D'                EADRS    EQU   X'000D'     ;セーブ、ロード終了アドレス
       9/       0 : =X'25'               EXEAD    EQU   X'0025'     ;FUNC(3)
      10/       0 : =X'1A'               ADRS_DISP EQU  X'001A'     ;アドレス部表示バッファ
      11/       0 :                     
      12/       0 :                     
      13/       0 :                     ;    ORG    X'0149'
      14/       0 :                     ;    DC     LOAD_START      ;TLOAD定数
      15/       0 :                     ;    DC     SAVE_START      ;TLOAD定数
      16/       0 :                     
      17/     416 :                         ORG    X'0416'         ;ROM先頭アドレス
      18/     416 :                     ;    ORG    X'0500'         ;テスト用拡張ROM先頭アドレス
      19/     416 :                         
      20/     416 :                     LOAD_START:
      21/     416 : CF17                    B      SDLOAD
      22/     417 :                     SAVE_START:
      23/     417 : CF30                    B      SDSAVE
      24/     418 :                     
      25/     418 :                     INIT:                      ;SCA初期化 DIモード
      26/     418 : 6101                    CLR    R1
      27/     419 : 0908                    MVI    R1,X'08'
      28/     41A : 1150                    WT     R1,X'50'
      29/     41B : 2003                    RET
      30/     41C :                     
      31/     41C :                     SVERR:                     ;SDカードエラー処理
      32/     41C : 089E                    MVI    R0,X'9E'        ;errと表示して停止
      33/     41D : 801F                    ST     R0,X'1F'
      34/     41E : 080E                    MVI    R0,X'0E'
      35/     41F : 8020                    ST     R0,X'20'
      36/     420 : 080E                    MVI    R0,X'0E'
      37/     421 : 8021                    ST     R0,X'21'
      38/     422 : 6000                    CLR    R0
      39/     423 : 8022                    ST     R0,X'22'
      40/     424 : 801B                    ST     R0,X'1B'
      41/     425 : 801C                    ST     R0,X'1C'
      42/     426 : 801D                    ST     R0,X'1D'
      43/     427 : 801E                    ST     R0,X'1E'
      44/     428 :                     
      45/     428 : 9734                    BAL    (X'34')
      46/     429 : 9733                    BAL    (X'33')         ;STOP以外のキー押下でMONTORへ復帰
      47/     42A : 7959                    SKIP   R1,NZ
      48/     42B : CFFD                    B      *-3
      49/     42C : D72D                    B      (X'2D')
      50/     42D :                     
      51/     42D :                     SDLOAD:                    ;LOAD処理
      52/     42D : 8FEB                    BAL    INIT            ;SCA初期化
      53/     42E : C01A                    L      R0,ADRS_DISP    ;アドレス部表示バッファからファイルNoを取得
      54/     42F : 8035                    ST     R0,FNAME        ;ファイルNo保存
      55/     430 : 6000                    CLR    R0
      56/     431 : 0881                    MVI    R0,X'81'        ;ARDUINOへLOADコマンド'81'を送信
      57/     432 : 8F33                    BAL    SNDBYTE
      58/     433 : 8F3C                    BAL    RCVBYTE         ;ARDUINO状態取得 R0=ZEROなら正常
      59/     434 : 6848                    AND    R0,R0,Z
      60/     435 : CFE7                    B      SVERR
 AS V1.42 Beta [Bld 211] - Source File file_trans_LKIT16.S - Page 2 - 10/23/2021 11:45:10


      61/     436 : C035                    L      R0,FNAME        ;ファイルNo下位バイトを送信
      62/     437 : 8F2E                    BAL    SNDBYTE
      63/     438 : C135                    L      R1,FNAME        ;ファイルNo上位バイトを送信
      64/     439 : 7009                    BSWP   R0,R1
      65/     43A : 8F2B                    BAL    SNDBYTE
      66/     43B : 8F34                    BAL    RCVBYTE         ;ファイルNoのファイルが存在しない場合はエラーとなる。それ以外の場合は正常としてR0=ZERO
      67/     43C : 6848                    AND    R0,R0,Z
      68/     43D : CFDF                    B      SVERR
      69/     43E : 8F68                    BAL    HDRCV           ;ヘッダー部受信
      70/     43F : 8F7A                    BAL    DBRCV           ;データ部受信
      71/     440 : C00C                    L      R0,SADRS        ;ロード開始アドレスをFUNC(5)にセット
      72/     441 : 8025                    ST     R0,EXEAD
      73/     442 : C10D                    L      R1,EADRS        ;LOAD処理時にはロード終了アドレスは「ロード終了アドレス-ロード開始アドレス」として保存しているのでロード終了アドレスを再計算して再保存
      74/     443 : 5809                    A      R0,R1
      75/     444 : 4001                    SI     R0,1
      76/     445 : 800D                    ST     R0,EADRS
      77/     446 : CF0F                    B      SDSV3           ;正常終了処理
      78/     447 :                         
      79/     447 :                     SDSAVE:                    ;SAVE処理
      80/     447 : 8FD1                    BAL    INIT            ;SCA初期化
      81/     448 : C01A                    L      R0,ADRS_DISP    ;アドレス部表示バッファからファイルNoを取得
      82/     449 : 8035                    ST     R0,FNAME        ;ファイルNo保存
      83/     44A : 6000                    CLR    R0
      84/     44B : 0880                    MVI    R0,X'80'        ;ARDUINOへSAVEコマンド'80'を送信
      85/     44C : 8F19                    BAL    SNDBYTE
      86/     44D : 8F22                    BAL    RCVBYTE         ;ARDUINO状態取得 R0=ZEROなら正常
      87/     44E : 6848                    AND    R0,R0,Z
      88/     44F : CFCD                    B      SVERR
      89/     450 : 8F29                    BAL    HDSEND          ;ヘッダー部送信
      90/     451 : 8F1E                    BAL    RCVBYTE         ;既存のファイルNoもしくは7FFFh以下の場合はエラーとなる。それ以外の場合は正常としてR0=ZERO
      91/     452 : 6848                    AND    R0,R0,Z
      92/     453 : CFC9                    B      SVERR
      93/     454 : 8F3C                    BAL    DBSEND          ;データ部送信
      94/     455 :                     SDSV3:
      95/     455 : 08BA                    MVI    R0,X'BA'        ;正常終了処理
      96/     456 : 801F                    ST     R0,X'1F'
      97/     457 : 085E                    MVI    R0,X'5E'
      98/     458 : 8020                    ST     R0,X'20'
      99/     459 : 6000                    CLR    R0
     100/     45A : 8021                    ST     R0,X'21'
     101/     45B : 8022                    ST     R0,X'22'
     102/     45C : 801B                    ST     R0,X'1B'
     103/     45D : 801C                    ST     R0,X'1C'
     104/     45E : 801D                    ST     R0,X'1D'
     105/     45F : 801E                    ST     R0,X'1E'
     106/     460 :                     
     107/     460 : 9734                    BAL    (X'34')
     108/     461 : 9733                    BAL    (X'33')         ;STOP以外のキー押下でMONTORへ復帰
     109/     462 : 7959                    SKIP   R1,NZ
     110/     463 : CFFD                    B      *-3
     111/     464 : D72D                    B      (X'2D')
     112/     465 :                     
     113/     465 :                     SNDBYTE:                   ;1Byte送信処理(R0の下位バイトを下位ビットから送信)
     114/     465 : 6202                    CLR    R2
     115/     466 : 0A08                    MVI    R2,X'08'        ;1Bit送信を8回繰り返し
     116/     467 :                     SBLOP1:
     117/     467 : 6101                    CLR    R1
     118/     468 : 0908                    MVI    R1,X'08'        ;送信データ(R1)にZEROをセット
     119/     469 : 2088                    SR     R0,EZ           ;R0右ローテート Eフラグが'1'なら送信データ(R1)を'1'とする
     120/     46A : 390E                    SBIT   R1,X'0E'
 AS V1.42 Beta [Bld 211] - Source File file_trans_LKIT16.S - Page 3 - 10/23/2021 11:45:10


     121/     46B : 8F63                    BAL    SND1BIT         ;1Bit送信
     122/     46C : 4241                    SI     R2,1,Z          ;繰り返し
     123/     46D : CFFA                    B      SBLOP1
     124/     46E : 2003                    RET
     125/     46F :                     
     126/     46F :                     RCVBYTE:                   ;1Byte受信処理(R0下位バイトに受信データを格納してリターン)
     127/     46F : 6202                    CLR    R2
     128/     470 : 0A08                    MVI    R2,X'08'        ;1Bit受信を8回繰り返し
     129/     471 : 6404                    CLR    R4              ;WorkとしてR4を使用
     130/     472 :                     RBLOP1:
     131/     472 : 8F64                    BAL    RCV1BIT         ;1Bit受信(R0 0=0000h、1=0080h)
     132/     473 : 2409                    SR     R4,RE           ;R4右ローテート
     133/     474 : 6408                    OR     R4,R0           ;R4とR0を合成
     134/     475 : 4241                    SI     R2,1,Z          ;繰り返し
     135/     476 : CFFC                    B      RBLOP1
     136/     477 : 780C                    MV     R0,R4           ;R0にR4をコピーしてリターン
     137/     478 : 2003                    RET
     138/     479 :                     
     139/     479 :                     HDSEND:                    ;ヘッダー部送信処理
     140/     479 : C035                    L      R0,FNAME        ;ファイルNo下位バイトを送信
     141/     47A : 8FEB                    BAL    SNDBYTE
     142/     47B : C135                    L      R1,FNAME        ;ファイルNo上位バイトを送信
     143/     47C : 7009                    BSWP   R0,R1
     144/     47D : 8FE8                    BAL    SNDBYTE
     145/     47E :                         
     146/     47E : C00C                    L      R0,SADRS        ;セーブ開始アドレス下位バイトを送信
     147/     47F : 8FE6                    BAL    SNDBYTE
     148/     480 : C10C                    L      R1,SADRS        ;セーブ開始アドレス上位バイトを送信
     149/     481 : 7009                    BSWP   R0,R1
     150/     482 : 8FE3                    BAL    SNDBYTE
     151/     483 :                         
     152/     483 : C10D                    L      R1,EADRS        ;セーブ終了アドレスを8Bit換算
     153/     484 : C00C                    L      R0,SADRS
     154/     485 : 5900                    S      R1,R0           ;スタートアドレスとの差分を算出
     155/     486 : 210D                    SL     R1,RE           ;差分x2
     156/     487 : 5908                    A      R1,R0           ;スタートアドレスを加算
     157/     488 : 4901                    AI     R1,1            ;+1
     158/     489 : 2101                    PUSH   R1              ;SNDBYTEでR1が破壊されるのでPUSH
     159/     48A : 7809                    MV     R0,R1
     160/     48B : 8FDA                    BAL    SNDBYTE         ;セーブ終了アドレス下位バイトを送信
     161/     48C : 2102                    POP    R1
     162/     48D : 7009                    BSWP   R0,R1
     163/     48E : 8FD7                    BAL    SNDBYTE         ;セーブ終了アドレス上位バイトを送信
     164/     48F : 2003                    RET
     165/     490 :                     
     166/     490 :                     DBSEND:                    ;データ部送信処理
     167/     490 : C40D                    L      R4,EADRS        ;セーブ終了アドレス-セーブ開始アドレス+1をループ回数としてR4にセット
     168/     491 : 4C01                    AI     R4,1
     169/     492 : C30C                    L      X0,SADRS        ;セーブ開始アドレスをX0にセット
     170/     493 : 5C03                    S      R4,X0
     171/     494 :                     DBSLOP:
     172/     494 : 2401                    PUSH   R4              ;R4はSNDBYTEで破壊されるのでPUSH
     173/     495 : E100                    L      R1,(X0)         ;データ上位バイトを送信
     174/     496 : 7009                    BSWP   R0,R1
     175/     497 : 8FCE                    BAL    SNDBYTE
     176/     498 : E000                    L      R0,(X0)         ;データ下位バイトを送信
     177/     499 : 8FCC                    BAL    SNDBYTE
     178/     49A :                     
     179/     49A : E100                    L      R1,(X0)
     180/     49B : 831A                    ST     X0,X'1A'
 AS V1.42 Beta [Bld 211] - Source File file_trans_LKIT16.S - Page 4 - 10/23/2021 11:45:10


     181/     49C : 8119                    ST     R1,X'19'
     182/     49D : 2301                    PUSH   X0
     183/     49E : 9730                    BAL    (X'30')
     184/     49F : 9734                    BAL    (X'34')         ;送信したデータおよびアドレスを表示
     185/     4A0 : 2302                    POP    X0
     186/     4A1 :                     
     187/     4A1 : 4B01                    AI     X0,1
     188/     4A2 : 2402                    POP    R4
     189/     4A3 : 4441                    SI     R4,1,Z          ;繰り返し
     190/     4A4 : CFF0                    B      DBSLOP
     191/     4A5 : 2003                    RET
     192/     4A6 :                     
     193/     4A6 :                     
     194/     4A6 :                     HDRCV:                     ;ヘッダー部受信処理
     195/     4A6 : 8FC9                    BAL    RCVBYTE         ;ロード開始アドレス上位バイト受信
     196/     4A7 : 7108                    BSWP   R1,R0
     197/     4A8 : 810C                    ST     R1,SADRS
     198/     4A9 : 8FC6                    BAL    RCVBYTE         ;ロード開始アドレス下位バイト受信
     199/     4AA : C10C                    L      R1,SADRS
     200/     4AB : 7900                    MVB    R1,R0
     201/     4AC : 810C                    ST     R1,SADRS        ;ロード開始アドレス保存
     202/     4AD : 8FC2                    BAL    RCVBYTE         ;ロード終了アドレス上位バイト受信
     203/     4AE : 7108                    BSWP   R1,R0
     204/     4AF : 810D                    ST     R1,EADRS
     205/     4B0 : 8FBF                    BAL    RCVBYTE         ;ロード終了アドレス下位バイト受信
     206/     4B1 : C10D                    L      R1,EADRS
     207/     4B2 : 7900                    MVB    R1,R0           ;R1 <- ロード終了アドレス
     208/     4B3 :                         
     209/     4B3 : C00C                    L      R0,SADRS        ;ロード終了アドレスを16BitWord差分として換算しループ回数とする
     210/     4B4 : 4901                    AI     R1,1            ;(ロード終了アドレス-ロード開始アドレス+1)/2
     211/     4B5 : 5900                    S      R1,R0
     212/     4B6 : 2109                    SR     R1,RE
     213/     4B7 : 810D                    ST     R1,EADRS        ;受信ループ回数保存
     214/     4B8 :                         
     215/     4B8 : 2003                    RET
     216/     4B9 :                     
     217/     4B9 :                     DBRCV:                     ;データ部受信処理
     218/     4B9 : C40D                    L      R4,EADRS        ;R4にループ回数セット
     219/     4BA : C30C                    L      X0,SADRS        ;X0にロード開始アドレスをセット
     220/     4BB :                     DBRLOP:
     221/     4BB : 2401                    PUSH   R4              ;R4はRCVBYTEで破壊されるのでPUSH
     222/     4BC : 8FB3                    BAL    RCVBYTE         ;データ上位バイト受信
     223/     4BD : 7108                    BSWP   R1,R0
     224/     4BE : A100                    ST     R1,(X0)
     225/     4BF : 8FB0                    BAL    RCVBYTE         ;データ下位バイト受信
     226/     4C0 : E100                    L      R1,(X0)
     227/     4C1 : 7900                    MVB    R1,R0
     228/     4C2 : A100                    ST     R1,(X0)         ;(X0) <- データ(R1)
     229/     4C3 :                     
     230/     4C3 : 831A                    ST     X0,X'1A'
     231/     4C4 : 8119                    ST     R1,X'19'
     232/     4C5 : 2301                    PUSH   X0
     233/     4C6 : 9730                    BAL    (X'30')
     234/     4C7 : 9734                    BAL    (X'34')         ;受信したデータおよびアドレスを表示
     235/     4C8 : 2302                    POP    X0
     236/     4C9 :                     
     237/     4C9 : 4B01                    AI     X0,1
     238/     4CA : 2402                    POP    R4
     239/     4CB : 4441                    SI     R4,1,Z          ;繰り返し
     240/     4CC : CFEF                    B      DBRLOP
 AS V1.42 Beta [Bld 211] - Source File file_trans_LKIT16.S - Page 5 - 10/23/2021 11:45:10


     241/     4CD : 2003                    RET
     242/     4CE :                     
     243/     4CE :                     SND1BIT:                   ;1Bit送信(R1のデータを送信)
     244/     4CE : 1150                    WT     R1,X'50'        ;データ送信    
     245/     4CF : 390D                    SBIT   R1,X'0D'        ;送信FLGセット
     246/     4D0 : 1150                    WT     R1,X'50'
     247/     4D1 : 8F10                    BAL    F1CHK           ;受信FLGがセットされるまで待ち
     248/     4D2 : 0908                    MVI    R1,X'08'        ;受信FLGがセットされたら送信FLGをリセット
     249/     4D3 :                     ;    RBIT   R1,X'0D'
     250/     4D3 : 1150                    WT     R1,X'50'
     251/     4D4 : 8F11                    BAL    F2CHK           ;受信FLGがリセットされるまで待ち
     252/     4D5 : 2003                    RET
     253/     4D6 :                     
     254/     4D6 :                     RCV1BIT:                   ;1Bit受信(R0にデータを受信)
     255/     4D6 : 8F0B                    BAL    F1CHK           ;受信FLGがセットされるまで待つ
     256/     4D7 : 390D                    SBIT   R1,X'0D'        ;送信FLGセット
     257/     4D8 : 1150                    WT     R1,X'50'
     258/     4D9 : 6000                    CLR    R0
     259/     4DA : 1951                    RD     R1,X'51'        ;受信データ取得(R0 0=0000h、1=0080h)
     260/     4DB : 294D                    TBIT   R1,X'0D',Z
     261/     4DC : 0880                    MVI    R0,X'80'
     262/     4DD : 8F08                    BAL    F2CHK           ;受信FLGがリセットされるまで待ち
     263/     4DE : 0908                    MVI    R1,X'08'        ;送信FLGリセット
     264/     4DF :                     ;    RBIT   R1,X'0D'
     265/     4DF : 1150                    WT     R1,X'50'
     266/     4E0 : 2003                    RET
     267/     4E1 :                     
     268/     4E1 :                     ;   ST0をCHECK(1)
     269/     4E1 :                     ;   ST0が1になるまでLOOP
     270/     4E1 :                     F1CHK:
     271/     4E1 : 1951                    RD     R1,X'51'
     272/     4E2 : 295C                    TBIT   R1,x'0C',NZ
     273/     4E3 : CFFE                    B      F1CHK
     274/     4E4 : 2003                    RET
     275/     4E5 :                     
     276/     4E5 :                     ;   ST0をCHECK(0)
     277/     4E5 :                     ;   ST0が0になるまでLOOP
     278/     4E5 :                     F2CHK:
     279/     4E5 : 1951                    RD     R1,X'51'
     280/     4E6 : 294C                    TBIT   R1,X'0C',Z
     281/     4E7 : CFFE                    B      F2CHK
     282/     4E8 : 2003                    RET
     283/     4E9 :                     
     284/     4E9 :                     
 AS V1.42 Beta [Bld 211] - Source File file_trans_LKIT16.S() - Page 6 - 10/23/2021 11:45:10


  Symbol Table (* = unused):
  --------------------------

 ADRS_DISP :                     1A - |
*ARCHITECTURE :                                        "i386-unknown-win32" - |
*BIGENDIAN :                      0 - | *BRANCHEXT :                      0 - |
*CASESENSITIVE :                  0 - | *COMPMODE :                       0 - |
*CONSTPI :        3.141592653589793 - | *CUSTOM :                         0 - |
*DATE :                "10/23/2021" - |  DBRCV :                        4B9 C |
 DBRLOP :                       4BB C |  DBSEND :                       490 C |
 DBSLOP :                       494 C |  EADRS :                          D - |
 EXEAD :                         25 - |  F1CHK :                        4E1 C |
 F2CHK :                        4E5 C | *FALSE :                          0 - |
 FNAME :                         35 - | *FULLPMMU :                       1 - |
*HAS64 :                          0 - | *HASDSP :                         0 - |
*HASFPU :                         0 - | *HASPMMU :                        0 - |
 HDRCV :                        4A6 C |  HDSEND :                       479 C |
*INEXTMODE :                      0 - |  INIT :                         418 C |
*INLWORDMODE :                    0 - | *INMAXMODE :                      0 - |
*INSRCMODE :                      0 - | *INSUPMODE :                      0 - |
*LISTON :                         1 - | *LOAD_START :                   416 C |
*MACEXP :                         7 - | *MOMCPU :                      1610 - |
*MOMCPUNAME :              "MN1610" - | *NESTMAX :                      100 - |
*PACKING :                        0 - | *PADDING :                        1 - |
 RBLOP1 :                       472 C |  RCV1BIT :                      4D6 C |
 RCVBYTE :                      46F C | *RELAXED :                        0 - |
 SADRS :                          C - | *SAVE_START :                   417 C |
 SBLOP1 :                       467 C |  SDLOAD :                       42D C |
 SDSAVE :                       447 C |  SDSV3 :                        455 C |
 SND1BIT :                      4CE C |  SNDBYTE :                      465 C |
 SVERR :                        41C C | *TIME :                  "11:45:10" - |
*TRUE :                           1 - | *VERSION :                     142F - |
*Z80SYNTAX :                      0 - |

     57 symbols
     33 unused symbols

 AS V1.42 Beta [Bld 211] - Source File file_trans_LKIT16.S() - Page 7 - 10/23/2021 11:45:10


  Code Pages:
  ----------

STANDARD (0 changed characters)

1 code page

0.00 seconds assembly time

    284 lines source file
      2 passes
      0 errors
      0 warnings
